// Jest Snapshot v1, https://jestjs.io/docs/snapshot-testing

exports[`scope duplicate bindings catch const 1`] = `"Duplicate declaration \\"e\\""`;

exports[`scope duplicate bindings catch let 1`] = `"Duplicate declaration \\"e\\""`;

exports[`scope duplicate bindings catch using 1`] = `"Duplicate declaration \\"e\\""`;

exports[`scope duplicate bindings global class/class should fail 1`] = `"Duplicate declaration \\"foo\\""`;

exports[`scope duplicate bindings global class/const should fail 1`] = `"Duplicate declaration \\"foo\\""`;

exports[`scope duplicate bindings global class/function should fail 1`] = `"Duplicate declaration \\"foo\\""`;

exports[`scope duplicate bindings global class/let should fail 1`] = `"Duplicate declaration \\"foo\\""`;

exports[`scope duplicate bindings global class/var should fail 1`] = `"Duplicate declaration \\"foo\\""`;

exports[`scope duplicate bindings global const/class should fail 1`] = `"Duplicate declaration \\"foo\\""`;

exports[`scope duplicate bindings global const/const should fail 1`] = `"Duplicate declaration \\"foo\\""`;

exports[`scope duplicate bindings global const/function should fail 1`] = `"Duplicate declaration \\"foo\\""`;

exports[`scope duplicate bindings global const/let should fail 1`] = `"Duplicate declaration \\"foo\\""`;

exports[`scope duplicate bindings global const/var should fail 1`] = `"Duplicate declaration \\"foo\\""`;

exports[`scope duplicate bindings global function/class should fail 1`] = `"Duplicate declaration \\"foo\\""`;

exports[`scope duplicate bindings global function/let should fail 1`] = `"Duplicate declaration \\"foo\\""`;

exports[`scope duplicate bindings global let/class should fail 1`] = `"Duplicate declaration \\"foo\\""`;

exports[`scope duplicate bindings global let/const should fail 1`] = `"Duplicate declaration \\"foo\\""`;

exports[`scope duplicate bindings global let/function should fail 1`] = `"Duplicate declaration \\"foo\\""`;

exports[`scope duplicate bindings global let/let should fail 1`] = `"Duplicate declaration \\"foo\\""`;

exports[`scope duplicate bindings global let/var should fail 1`] = `"Duplicate declaration \\"foo\\""`;

exports[`scope duplicate bindings global var/class should fail 1`] = `"Duplicate declaration \\"foo\\""`;

exports[`scope duplicate bindings global var/let should fail 1`] = `"Duplicate declaration \\"foo\\""`;
